::1 - - [04/Jul/2026 12:29:17] "GET / HTTP/1.1" 200 -
::1 - - [04/Jul/2026 12:29:17] "GET /styles.css HTTP/1.1" 304 -
::1 - - [04/Jul/2026 12:29:17] "GET /logo.jpg HTTP/1.1" 304 -
::1 - - [04/Jul/2026 12:29:18] "GET /app.js HTTP/1.1" 200 -
::1 - - [04/Jul/2026 12:29:21] "GET /sw.js HTTP/1.1" 304 -
::1 - - [04/Jul/2026 12:32:15] "GET / HTTP/1.1" 304 -
::1 - - [04/Jul/2026 12:32:16] "GET /app.js HTTP/1.1" 304 -
::1 - - [04/Jul/2026 12:32:17] "GET /sw.js HTTP/1.1" 304 -
::1 - - [04/Jul/2026 12:33:00] "GET / HTTP/1.1" 304 -
::1 - - [04/Jul/2026 12:33:02] "GET /sw.js HTTP/1.1" 304 -
::1 - - [04/Jul/2026 12:36:16] "GET / HTTP/1.1" 304 -
::1 - - [04/Jul/2026 12:36:16] "GET /app.js HTTP/1.1" 200 -
::1 - - [04/Jul/2026 12:36:18] "GET /sw.js HTTP/1.1" 304 -
::1 - - [04/Jul/2026 12:36:40] "GET / HTTP/1.1" 304 -
::1 - - [04/Jul/2026 12:36:40] "GET /app.js HTTP/1.1" 304 -
::1 - - [04/Jul/2026 12:36:42] "GET /sw.js HTTP/1.1" 304 -
::1 - - [04/Jul/2026 12:44:08] "GET / HTTP/1.1" 304 -
::1 - - [04/Jul/2026 12:44:08] "GET /styles.css HTTP/1.1" 304 -
::1 - - [04/Jul/2026 12:44:08] "GET /logo.jpg HTTP/1.1" 304 -
::1 - - [04/Jul/2026 12:44:08] "GET /app.js HTTP/1.1" 200 -
::1 - - [04/Jul/2026 12:44:10] "GET /sw.js HTTP/1.1" 304 -
::1 - - [04/Jul/2026 12:45:07] "GET / HTTP/1.1" 304 -
::1 - - [04/Jul/2026 12:45:07] "GET /app.js HTTP/1.1" 304 -
::1 - - [04/Jul/2026 12:45:09] "GET /sw.js HTTP/1.1" 304 -
::1 - - [04/Jul/2026 12:48:10] "GET / HTTP/1.1" 200 -
::1 - - [04/Jul/2026 12:48:10] "GET /app.js HTTP/1.1" 200 -
::1 - - [04/Jul/2026 12:48:13] "GET /sw.js HTTP/1.1" 304 -
