::1 - - [04/Jul/2026 10:24:43] "GET / HTTP/1.1" 200 -
::1 - - [04/Jul/2026 10:24:43] "GET /styles.css HTTP/1.1" 200 -
::1 - - [04/Jul/2026 10:24:43] "GET /app.js HTTP/1.1" 200 -
::1 - - [04/Jul/2026 10:24:44] code 404, message File not found
::1 - - [04/Jul/2026 10:24:44] "GET /favicon.ico HTTP/1.1" 404 -
::1 - - [04/Jul/2026 10:24:44] "GET /sw.js HTTP/1.1" 200 -
::1 - - [04/Jul/2026 10:24:45] "GET /index.html HTTP/1.1" 200 -
::1 - - [04/Jul/2026 10:27:29] "GET / HTTP/1.1" 304 -
::1 - - [04/Jul/2026 10:27:29] "GET /styles.css HTTP/1.1" 304 -
::1 - - [04/Jul/2026 10:27:29] "GET /app.js HTTP/1.1" 304 -
::1 - - [04/Jul/2026 10:27:32] "GET /sw.js HTTP/1.1" 304 -
::1 - - [04/Jul/2026 10:34:09] "GET / HTTP/1.1" 200 -
::1 - - [04/Jul/2026 10:34:09] "GET /app.js HTTP/1.1" 200 -
::1 - - [04/Jul/2026 10:34:09] "GET /styles.css HTTP/1.1" 200 -
::1 - - [04/Jul/2026 10:34:11] "GET /sw.js HTTP/1.1" 304 -
::1 - - [04/Jul/2026 10:34:28] "GET /styles.css HTTP/1.1" 304 -
::1 - - [04/Jul/2026 10:34:29] "GET /sw.js HTTP/1.1" 304 -
::1 - - [04/Jul/2026 10:37:59] "GET / HTTP/1.1" 304 -
::1 - - [04/Jul/2026 10:37:59] "GET /styles.css HTTP/1.1" 304 -
::1 - - [04/Jul/2026 10:37:59] "GET /app.js HTTP/1.1" 304 -
::1 - - [04/Jul/2026 10:38:01] "GET /sw.js HTTP/1.1" 304 -
::1 - - [04/Jul/2026 10:38:59] "GET / HTTP/1.1" 304 -
::1 - - [04/Jul/2026 10:38:59] "GET /styles.css HTTP/1.1" 304 -
::1 - - [04/Jul/2026 10:38:59] "GET /app.js HTTP/1.1" 304 -
::1 - - [04/Jul/2026 10:39:01] "GET /sw.js HTTP/1.1" 304 -
::1 - - [04/Jul/2026 10:41:39] "GET / HTTP/1.1" 200 -
::1 - - [04/Jul/2026 10:41:39] "GET /styles.css HTTP/1.1" 304 -
::1 - - [04/Jul/2026 10:41:39] "GET /app.js HTTP/1.1" 200 -
::1 - - [04/Jul/2026 10:41:39] "GET /logo.jpg HTTP/1.1" 200 -
::1 - - [04/Jul/2026 10:41:41] "GET /sw.js HTTP/1.1" 304 -
::1 - - [04/Jul/2026 10:44:05] "GET / HTTP/1.1" 304 -
::1 - - [04/Jul/2026 10:44:05] "GET /styles.css HTTP/1.1" 200 -
::1 - - [04/Jul/2026 10:44:06] "GET /logo.jpg HTTP/1.1" 304 -
::1 - - [04/Jul/2026 10:44:06] "GET /app.js HTTP/1.1" 304 -
::1 - - [04/Jul/2026 10:44:08] "GET /sw.js HTTP/1.1" 304 -
::1 - - [04/Jul/2026 11:30:21] "GET / HTTP/1.1" 200 -
::1 - - [04/Jul/2026 11:30:22] "GET /styles.css HTTP/1.1" 200 -
::1 - - [04/Jul/2026 11:30:22] "GET /logo.jpg HTTP/1.1" 304 -
::1 - - [04/Jul/2026 11:30:22] "GET /app.js HTTP/1.1" 200 -
::1 - - [04/Jul/2026 11:30:24] "GET /sw.js HTTP/1.1" 304 -
::1 - - [04/Jul/2026 11:31:42] "GET / HTTP/1.1" 304 -
::1 - - [04/Jul/2026 11:31:43] "GET /sw.js HTTP/1.1" 304 -
::1 - - [04/Jul/2026 11:50:30] "GET / HTTP/1.1" 304 -
::1 - - [04/Jul/2026 11:50:30] "GET /logo.jpg HTTP/1.1" 304 -
::1 - - [04/Jul/2026 11:50:30] "GET /app.js HTTP/1.1" 304 -
::1 - - [04/Jul/2026 11:50:30] "GET /styles.css HTTP/1.1" 304 -
::1 - - [04/Jul/2026 11:50:33] "GET /sw.js HTTP/1.1" 304 -
